// Jest Snapshot v1, https://goo.gl/fbAQLP

exports[`<FadeLink/> renders correctly 1`] = `
<a
  href="/blog"
  onClick={[Function]}
  onMouseEnter={[Function]}
/>
`;
